\BOOKMARK [0][-]{section*.1}{\376\377\000A\000B\000S\000T\000R\000A\000C\000T}{}% 1
\BOOKMARK [0][-]{section*.2}{\376\377\000R\000E\000S\000U\000M\000O}{}% 2
\BOOKMARK [0][-]{section*.3}{\376\377\000A\000C\000K\000N\000O\000W\000L\000E\000D\000G\000E\000M\000E\000N\000T\000S}{}% 3
\BOOKMARK [0][-]{section*.4}{\376\377\000C\000O\000N\000T\000E\000N\000T\000S}{}% 4
\BOOKMARK [0][-]{section*.6}{\376\377\000L\000I\000S\000T\000\040\000O\000F\000\040\000F\000I\000G\000U\000R\000E\000S}{}% 5
\BOOKMARK [0][-]{section*.8}{\376\377\000L\000I\000S\000T\000\040\000O\000F\000\040\000T\000A\000B\000L\000E\000S}{}% 6
\BOOKMARK [0][-]{section*.10}{\376\377\000L\000I\000S\000T\000\040\000O\000F\000\040\000C\000O\000D\000E\000\040\000L\000I\000S\000T\000I\000N\000G\000S}{}% 7
\BOOKMARK [0][-]{section*.12}{\376\377\000A\000B\000B\000R\000E\000V\000I\000A\000T\000I\000O\000N\000S\000\040\000\046\000\040\000A\000C\000R\000O\000N\000Y\000M\000S}{}% 8
\BOOKMARK [0][-]{chapter.1}{\376\377\000I\000N\000T\000R\000O\000D\000U\000C\000T\000I\000O\000N}{}% 9
\BOOKMARK [1][-]{section.1.1}{\376\377\000M\000o\000t\000i\000v\000a\000t\000i\000o\000n\000\040\000a\000n\000d\000\040\000B\000a\000c\000k\000g\000r\000o\000u\000n\000d}{chapter.1}% 10
\BOOKMARK [1][-]{section.1.2}{\376\377\000O\000b\000j\000e\000c\000t\000i\000v\000e\000s}{chapter.1}% 11
\BOOKMARK [1][-]{section.1.3}{\376\377\000R\000e\000s\000e\000a\000r\000c\000h\000\040\000M\000e\000t\000h\000o\000d}{chapter.1}% 12
\BOOKMARK [1][-]{section.1.4}{\376\377\000D\000o\000c\000u\000m\000e\000n\000t\000\040\000S\000t\000r\000u\000c\000t\000u\000r\000e}{chapter.1}% 13
\BOOKMARK [0][-]{chapter.2}{\376\377\000L\000I\000T\000E\000R\000A\000T\000U\000R\000E\000\040\000R\000E\000V\000I\000E\000W}{}% 14
\BOOKMARK [1][-]{section.2.1}{\376\377\000A\000p\000p\000l\000i\000c\000a\000t\000i\000o\000n\000\040\000S\000e\000c\000u\000r\000i\000t\000y\000\040\000T\000e\000s\000t\000i\000n\000g}{chapter.2}% 15
\BOOKMARK [2][-]{subsection.2.1.1}{\376\377\000S\000A\000S\000T\000\040\000v\000s\000.\000\040\000D\000A\000S\000T}{section.2.1}% 16
\BOOKMARK [2][-]{subsection.2.1.2}{\376\377\000S\000o\000f\000t\000w\000a\000r\000e\000\040\000D\000e\000v\000e\000l\000o\000p\000m\000e\000n\000t\000\040\000L\000i\000f\000e\000\040\000C\000y\000c\000l\000e}{section.2.1}% 17
\BOOKMARK [1][-]{section.2.2}{\376\377\000S\000A\000S\000T\000\040\000-\000\040\000S\000t\000a\000t\000i\000c\000\040\000A\000p\000p\000l\000i\000c\000a\000t\000i\000o\000n\000\040\000S\000e\000c\000u\000r\000i\000t\000y\000\040\000T\000e\000s\000t\000i\000n\000g}{chapter.2}% 18
\BOOKMARK [2][-]{subsection.2.2.1}{\376\377\000S\000y\000m\000b\000o\000l\000i\000c\000\040\000E\000x\000e\000c\000u\000t\000i\000o\000n}{section.2.2}% 19
\BOOKMARK [1][-]{section.2.3}{\376\377\000D\000A\000S\000T\000\040\000-\000\040\000D\000y\000n\000a\000m\000i\000c\000\040\000A\000p\000p\000l\000i\000c\000a\000t\000i\000o\000n\000\040\000S\000e\000c\000u\000r\000i\000t\000y\000\040\000T\000e\000s\000t\000i\000n\000g}{chapter.2}% 20
\BOOKMARK [2][-]{subsection.2.3.1}{\376\377\000F\000u\000z\000z\000i\000n\000g}{section.2.3}% 21
\BOOKMARK [2][-]{subsection.2.3.2}{\376\377\000D\000y\000n\000a\000m\000i\000c\000\040\000T\000a\000i\000n\000t\000\040\000A\000n\000a\000l\000y\000s\000i\000s}{section.2.3}% 22
\BOOKMARK [1][-]{section.2.4}{\376\377\000S\000y\000m\000b\000o\000l\000i\000c\000\040\000E\000x\000e\000c\000u\000t\000i\000o\000n}{chapter.2}% 23
\BOOKMARK [2][-]{subsection.2.4.1}{\376\377\000S\000y\000m\000b\000o\000l\000i\000c\000\040\000E\000x\000e\000c\000u\000t\000i\000o\000n\000\040\000E\000n\000g\000i\000n\000e\000s}{section.2.4}% 24
\BOOKMARK [0][-]{chapter.3}{\376\377\000S\000Y\000M\000B\000O\000L\000I\000C\000\040\000E\000X\000E\000C\000U\000T\000I\000O\000N\000\040\000T\000O\000O\000L\000S}{}% 25
\BOOKMARK [1][-]{section.3.1}{\376\377\000E\000n\000g\000i\000n\000e\000s\000\040\000A\000v\000a\000i\000l\000a\000b\000i\000l\000i\000t\000y}{chapter.3}% 26
\BOOKMARK [1][-]{section.3.2}{\376\377\000K\000L\000E\000E}{chapter.3}% 27
\BOOKMARK [2][-]{subsection.3.2.1}{\376\377\000I\000n\000s\000t\000a\000l\000l\000a\000t\000i\000o\000n}{section.3.2}% 28
\BOOKMARK [2][-]{subsection.3.2.2}{\376\377\000F\000e\000a\000t\000u\000r\000e\000s}{section.3.2}% 29
\BOOKMARK [2][-]{subsection.3.2.3}{\376\377\000I\000n\000s\000t\000r\000u\000m\000e\000n\000t\000a\000t\000i\000o\000n}{section.3.2}% 30
\BOOKMARK [2][-]{subsection.3.2.4}{\376\377\000R\000u\000n\000n\000i\000n\000g\000\040\000K\000L\000E\000E}{section.3.2}% 31
\BOOKMARK [1][-]{section.3.3}{\376\377\000O\000w\000i}{chapter.3}% 32
\BOOKMARK [2][-]{subsection.3.3.1}{\376\377\000I\000n\000s\000t\000a\000l\000l\000a\000t\000i\000o\000n}{section.3.3}% 33
\BOOKMARK [2][-]{subsection.3.3.2}{\376\377\000F\000e\000a\000t\000u\000r\000e\000s}{section.3.3}% 34
\BOOKMARK [2][-]{subsection.3.3.3}{\376\377\000I\000n\000s\000t\000r\000u\000m\000e\000n\000t\000a\000t\000i\000o\000n}{section.3.3}% 35
\BOOKMARK [2][-]{subsection.3.3.4}{\376\377\000R\000u\000n\000n\000i\000n\000g\000\040\000O\000w\000i}{section.3.3}% 36
\BOOKMARK [1][-]{section.3.4}{\376\377\000F\000e\000a\000t\000u\000r\000e\000\040\000C\000o\000m\000p\000a\000r\000i\000s\000o\000n}{chapter.3}% 37
\BOOKMARK [0][-]{chapter.4}{\376\377\000E\000X\000P\000E\000R\000I\000E\000N\000C\000E\000S\000\040\000A\000N\000D\000\040\000R\000E\000S\000U\000L\000T\000S}{}% 38
\BOOKMARK [1][-]{section.4.1}{\376\377\000T\000e\000s\000t\000\040\000E\000n\000v\000i\000r\000o\000n\000m\000e\000n\000t}{chapter.4}% 39
\BOOKMARK [1][-]{section.4.2}{\376\377\000S\000a\000m\000p\000l\000e\000\040\0001\000\040\000-\000\040\000D\000r\000y\000-\000r\000u\000n}{chapter.4}% 40
\BOOKMARK [1][-]{section.4.3}{\376\377\000S\000a\000m\000p\000l\000e\000\040\0002\000\040\000-\000\040\000R\000e\000g\000u\000l\000a\000r\000\040\000E\000x\000p\000r\000e\000s\000s\000i\000o\000n\000\040\000M\000a\000t\000c\000h\000e\000r}{chapter.4}% 41
\BOOKMARK [1][-]{section.4.4}{\376\377\000S\000a\000m\000p\000l\000e\000\040\0003\000\040\000-\000\040\000M\000a\000z\000e}{chapter.4}% 42
\BOOKMARK [1][-]{section.4.5}{\376\377\000S\000a\000m\000p\000l\000e\000\040\0004\000\040\000-\000\040\000P\000r\000i\000m\000e\000\040\000n\000u\000m\000b\000e\000r\000s}{chapter.4}% 43
\BOOKMARK [1][-]{section.4.6}{\376\377\000S\000a\000m\000p\000l\000e\000\040\0005\000\040\000-\000\040\000P\000r\000i\000m\000e\000\040\000n\000u\000m\000b\000e\000r\000s\000\040\000\050\000F\000r\000a\000m\000a\000-\000C\000'\000s\000\040\000E\000-\000A\000C\000S\000L\000\051}{chapter.4}% 44
\BOOKMARK [1][-]{section.4.7}{\376\377\000S\000a\000m\000p\000l\000e\000\040\0006\000\040\000-\000\040\000G\000l\000o\000b\000a\000l\000\040\000B\000u\000f\000f\000e\000r\000\040\000O\000v\000e\000r\000f\000l\000o\000w}{chapter.4}% 45
\BOOKMARK [1][-]{section.4.8}{\376\377\000S\000a\000m\000p\000l\000e\000\040\0007\000\040\000-\000\040\000S\000t\000a\000c\000k\000-\000b\000a\000s\000e\000d\000\040\000B\000u\000f\000f\000e\000r\000\040\000O\000v\000e\000r\000f\000l\000o\000w}{chapter.4}% 46
\BOOKMARK [1][-]{section.4.9}{\376\377\000S\000a\000m\000p\000l\000e\000\040\0008\000\040\000-\000\040\000N\000U\000L\000L\000\040\000p\000o\000i\000n\000t\000e\000r\000\040\000d\000e\000r\000e\000f\000e\000r\000e\000n\000c\000e}{chapter.4}% 47
\BOOKMARK [1][-]{section.4.10}{\376\377\000S\000a\000m\000p\000l\000e\000\040\0009\000\040\000-\000\040\000U\000s\000e\000\040\000a\000f\000t\000e\000r\000\040\000f\000r\000e\000e}{chapter.4}% 48
\BOOKMARK [1][-]{section.4.11}{\376\377\000R\000e\000s\000u\000l\000t\000s}{chapter.4}% 49
\BOOKMARK [0][-]{chapter.5}{\376\377\000C\000O\000N\000C\000L\000U\000S\000I\000O\000N}{}% 50
\BOOKMARK [1][-]{section.5.1}{\376\377\000R\000e\000s\000e\000a\000r\000c\000h\000\040\000Q\000u\000e\000s\000t\000i\000o\000n\000s}{chapter.5}% 51
\BOOKMARK [0][-]{section*.27}{\376\377\000B\000I\000B\000L\000I\000O\000G\000R\000A\000P\000H\000Y}{}% 52
\BOOKMARK [0][-]{appendix.A}{\376\377\000K\000L\000E\000E\000\040\000E\000X\000A\000M\000P\000L\000E\000S}{}% 53
\BOOKMARK [0][-]{appendix.B}{\376\377\000O\000W\000I\000\040\000E\000X\000A\000M\000P\000L\000E\000S}{}% 54
\BOOKMARK [0][-]{appendix.C}{\376\377\000A\000D\000A\000L\000O\000G\000I\000C\000S\000\040\000E\000X\000A\000M\000P\000L\000E\000S}{}% 55
\BOOKMARK [0][-]{appendix.D}{\376\377\000O\000W\000I\000\040\000L\000I\000B\000R\000A\000R\000Y}{}% 56
